adaptation.c:104:9: warning: variable 'vsat' is used uninitialized whenever 'if' condition is false [-Wsometimes-uninitialized]
  104 |     if (kslope >= 0) vsat = kslope+Prest;
      |         ^~~~~~~~~~~
adaptation.c:105:20: note: uninitialized use occurs here
  105 |     tmpst = log(2)*vsat/Prest;
      |                    ^~~~
adaptation.c:104:5: note: remove the 'if' if its condition is always true
  104 |     if (kslope >= 0) vsat = kslope+Prest;
      |     ^~~~~~~~~~~~~~~~
adaptation.c:56:44: note: initialize the variable 'vsat' to silence this warning
   56 |            theta3, PL, PG, VL, CI, CL, vsat, tmpst, synstrength, synslope;
      |                                            ^
      |                                             = 0.0
1 warning generated.
model.c:556:12: warning: unused variable 'gain_ic' [-Wunused-variable]
  556 |     double gain_ic = 0.0;
      |            ^~~~~~~
model.c:557:12: warning: unused variable 'gain_wdr' [-Wunused-variable]
  557 |     double gain_wdr = 0.0;
      |            ^~~~~~~~
model.c:558:9: warning: unused variable 'n_chan_incl' [-Wunused-variable]
  558 |     int n_chan_incl = 0;
      |         ^~~~~~~~~~~
model.c:559:12: warning: variable 'n_cf_per_oct' set but not used [-Wunused-but-set-variable]
  559 |     double n_cf_per_oct = 0.0; 
      |            ^
model.c:1313:12: warning: unused variable 'gain_ic' [-Wunused-variable]
 1313 |     double gain_ic = 0.0;
      |            ^~~~~~~
model.c:1314:12: warning: unused variable 'gain_wdr' [-Wunused-variable]
 1314 |     double gain_wdr = 0.0;
      |            ^~~~~~~~
model.c:1315:9: warning: unused variable 'n_chan_incl' [-Wunused-variable]
 1315 |     int n_chan_incl = 0;
      |         ^~~~~~~~~~~
model.c:1316:12: warning: variable 'n_cf_per_oct' set but not used [-Wunused-but-set-variable]
 1316 |     double n_cf_per_oct = 0.0; 
      |            ^
model.c:2082:15: warning: explicitly assigning value of variable of type 'double' to itself [-Wself-assign]
 2082 |     else minR = minR;
      |          ~~~~ ^ ~~~~
9 warnings generated.
Built /Users/daniel/caplab/projects/caplab_binaural_efferent_model/deps/libgfc2026.dylib
